OK šest organismů a načtení skriptu
OK atlas rasy
OK atlas perloocky
OK atlas plotice
OK atlas okoun
OK atlas stika
OK atlas rozkladaci
OK SVG ovládání klávesnicí
OK potravní vazby perloočky
OK pyramida: dva i tři přenosy energie
OK posuvník mění výpočet
OK scénář 0
OK scénář 1
OK scénář 2
OK scénář 3
OK krajina water
OK krajina hedge
OK krajina flowers
OK reset krajiny
OK mapa krkonose
OK mapa sumava
OK mapa podyji
OK mapa ceskeSvycarsko
OK mapa palava
OK mapa beskydy
OK mapa ceskyRaj
OK mapa jeseniky
OK mapa soutok
OK chybná odpověď dovolí opravu pojmy
OK správná odpověď + vysvětlení pojmy 1
OK správná odpověď + vysvětlení pojmy 2
OK správná odpověď + vysvětlení pojmy 3
OK správná odpověď + vysvětlení pojmy 4
OK správná odpověď + vysvětlení pojmy 5
OK správná odpověď + vysvětlení pojmy 6
OK správná odpověď + vysvětlení pojmy 7
OK správná odpověď + vysvětlení pojmy 8
OK správná odpověď + vysvětlení pojmy 9
OK správná odpověď + vysvětlení pojmy 10
OK správná odpověď + vysvětlení pojmy 11
OK správná odpověď + vysvětlení pojmy 12
OK všechny otázky bez opakování pojmy
OK chybná odpověď dovolí opravu ochrana
OK správná odpověď + vysvětlení ochrana 1
OK správná odpověď + vysvětlení ochrana 2
OK správná odpověď + vysvětlení ochrana 3
OK správná odpověď + vysvětlení ochrana 4
OK správná odpověď + vysvětlení ochrana 5
OK správná odpověď + vysvětlení ochrana 6
OK správná odpověď + vysvětlení ochrana 7
OK správná odpověď + vysvětlení ochrana 8
OK správná odpověď + vysvětlení ochrana 9
OK správná odpověď + vysvětlení ochrana 10
OK všechny otázky bez opakování ochrana
OK chybná odpověď dovolí opravu zasah
OK správná odpověď + vysvětlení zasah 1
OK správná odpověď + vysvětlení zasah 2
OK správná odpověď + vysvětlení zasah 3
OK správná odpověď + vysvětlení zasah 4
OK správná odpověď + vysvětlení zasah 5
OK správná odpověď + vysvětlení zasah 6
OK správná odpověď + vysvětlení zasah 7
OK správná odpověď + vysvětlení zasah 8
OK všechny otázky bez opakování zasah
OK skóre započítává pouze odpovědi napoprvé
OK slepá mapa má šest dostupných bodů
OK mapová úloha jde dokončit
OK starý časovač nepřepíše nový režim
OK bez vodorovného přetékání dark 1280
OK bez vodorovného přetékání dark 390
OK bez vodorovného přetékání dark 320
OK bez vodorovného přetékání light 1280
OK bez vodorovného přetékání light 390
OK bez vodorovného přetékání light 320
OK žádné JavaScriptové výjimky
